Java HotSpot(TM) 64-Bit Server VM (25.101-b13) for windows-amd64 JRE (1.8.0_101-b13), built on Jun 22 2016 01:21:29 by "java_re" with MS VC++ 10.0 (VS2010)
Memory: 4k page, physical 8281064k(1278136k free), swap 22500152k(4178240k free)
CommandLine flags: -XX:InitialHeapSize=536870912 -XX:MaxHeapSize=536870912 -XX:MaxNewSize=178958336 -XX:MaxTenuringThreshold=6 -XX:NewSize=178958336 -XX:OldPLABSize=16 -XX:OldSize=357912576 -XX:+PrintGC -XX:+PrintGCDateStamps -XX:+PrintGCDetails -XX:+PrintGCTimeStamps -XX:+UseCompressedClassPointers -XX:+UseCompressedOops -XX:+UseConcMarkSweepGC -XX:-UseLargePagesIndividualAllocation -XX:+UseParNewGC 
2021-01-21T12:15:22.826+0800: 0.200: [GC (Allocation Failure) 2021-01-21T12:15:22.827+0800: 0.201: [ParNew: 139776K->17471K(157248K), 0.0141750 secs] 139776K->48865K(506816K), 0.0152664 secs] [Times: user=0.03 sys=0.08, real=0.02 secs] 
2021-01-21T12:15:22.869+0800: 0.242: [GC (Allocation Failure) 2021-01-21T12:15:22.869+0800: 0.242: [ParNew: 157247K->17472K(157248K), 0.0157210 secs] 188641K->95953K(506816K), 0.0158321 secs] [Times: user=0.08 sys=0.02, real=0.02 secs] 
2021-01-21T12:15:22.901+0800: 0.275: [GC (Allocation Failure) 2021-01-21T12:15:22.901+0800: 0.275: [ParNew: 157248K->17469K(157248K), 0.0308667 secs] 235729K->144208K(506816K), 0.0309501 secs] [Times: user=0.16 sys=0.03, real=0.03 secs] 
2021-01-21T12:15:22.948+0800: 0.322: [GC (Allocation Failure) 2021-01-21T12:15:22.948+0800: 0.322: [ParNew: 157245K->17472K(157248K), 0.0296360 secs] 283984K->192801K(506816K), 0.0297067 secs] [Times: user=0.23 sys=0.01, real=0.03 secs] 
2021-01-21T12:15:22.978+0800: 0.352: [GC (CMS Initial Mark) [1 CMS-initial-mark: 175329K(349568K)] 193144K(506816K), 0.0029242 secs] [Times: user=0.00 sys=0.00, real=0.00 secs] 
2021-01-21T12:15:22.981+0800: 0.355: [CMS-concurrent-mark-start]
2021-01-21T12:15:22.984+0800: 0.358: [CMS-concurrent-mark: 0.003/0.003 secs] [Times: user=0.00 sys=0.00, real=0.00 secs] 
2021-01-21T12:15:22.984+0800: 0.358: [CMS-concurrent-preclean-start]
2021-01-21T12:15:22.984+0800: 0.358: [CMS-concurrent-preclean: 0.000/0.000 secs] [Times: user=0.00 sys=0.00, real=0.00 secs] 
2021-01-21T12:15:22.984+0800: 0.358: [CMS-concurrent-abortable-preclean-start]
2021-01-21T12:15:22.999+0800: 0.372: [GC (Allocation Failure) 2021-01-21T12:15:22.999+0800: 0.372: [ParNew: 157248K->17472K(157248K), 0.0341937 secs] 332577K->244302K(506816K), 0.0343199 secs] [Times: user=0.17 sys=0.05, real=0.03 secs] 
2021-01-21T12:15:23.053+0800: 0.427: [GC (Allocation Failure) 2021-01-21T12:15:23.053+0800: 0.427: [ParNew: 157193K->17471K(157248K), 0.0337274 secs] 384023K->291752K(506816K), 0.0338347 secs] [Times: user=0.27 sys=0.02, real=0.03 secs] 
2021-01-21T12:15:23.109+0800: 0.483: [GC (Allocation Failure) 2021-01-21T12:15:23.109+0800: 0.483: [ParNew: 157247K->17470K(157248K), 0.0302768 secs] 431528K->333590K(506816K), 0.0303859 secs] [Times: user=0.19 sys=0.02, real=0.03 secs] 
2021-01-21T12:15:23.167+0800: 0.541: [GC (Allocation Failure) 2021-01-21T12:15:23.167+0800: 0.541: [ParNew: 157233K->157233K(157248K), 0.0000238 secs]2021-01-21T12:15:23.167+0800: 0.541: [CMS2021-01-21T12:15:23.167+0800: 0.541: [CMS-concurrent-abortable-preclean: 0.005/0.183 secs] [Times: user=0.70 sys=0.08, real=0.18 secs] 
 (concurrent mode failure): 316120K->258464K(349568K), 0.0385654 secs] 473353K->258464K(506816K), [Metaspace: 2644K->2644K(1056768K)], 0.0386838 secs] [Times: user=0.03 sys=0.00, real=0.04 secs] 
2021-01-21T12:15:23.223+0800: 0.597: [GC (Allocation Failure) 2021-01-21T12:15:23.223+0800: 0.597: [ParNew: 139776K->17468K(157248K), 0.0083493 secs] 398240K->309419K(506816K), 0.0084466 secs] [Times: user=0.11 sys=0.00, real=0.01 secs] 
2021-01-21T12:15:23.232+0800: 0.606: [GC (CMS Initial Mark) [1 CMS-initial-mark: 291950K(349568K)] 309813K(506816K), 0.0003110 secs] [Times: user=0.00 sys=0.00, real=0.00 secs] 
2021-01-21T12:15:23.232+0800: 0.606: [CMS-concurrent-mark-start]
2021-01-21T12:15:23.234+0800: 0.608: [CMS-concurrent-mark: 0.002/0.002 secs] [Times: user=0.00 sys=0.00, real=0.00 secs] 
2021-01-21T12:15:23.234+0800: 0.608: [CMS-concurrent-preclean-start]
2021-01-21T12:15:23.235+0800: 0.609: [CMS-concurrent-preclean: 0.001/0.001 secs] [Times: user=0.00 sys=0.00, real=0.00 secs] 
2021-01-21T12:15:23.235+0800: 0.609: [CMS-concurrent-abortable-preclean-start]
2021-01-21T12:15:23.251+0800: 0.625: [GC (Allocation Failure) 2021-01-21T12:15:23.251+0800: 0.625: [ParNew: 157244K->17471K(157248K), 0.0204494 secs] 449195K->354067K(506816K), 0.0205383 secs] [Times: user=0.09 sys=0.00, real=0.02 secs] 
2021-01-21T12:15:23.271+0800: 0.645: [CMS-concurrent-abortable-preclean: 0.001/0.037 secs] [Times: user=0.11 sys=0.00, real=0.04 secs] 
2021-01-21T12:15:23.272+0800: 0.645: [GC (CMS Final Remark) [YG occupancy: 17903 K (157248 K)]2021-01-21T12:15:23.272+0800: 0.645: [Rescan (parallel) , 0.0005697 secs]2021-01-21T12:15:23.272+0800: 0.646: [weak refs processing, 0.0000156 secs]2021-01-21T12:15:23.272+0800: 0.646: [class unloading, 0.0003858 secs]2021-01-21T12:15:23.273+0800: 0.646: [scrub symbol table, 0.0003956 secs]2021-01-21T12:15:23.273+0800: 0.647: [scrub string table, 0.0001440 secs][1 CMS-remark: 336595K(349568K)] 354499K(506816K), 0.0016176 secs] [Times: user=0.00 sys=0.00, real=0.00 secs] 
2021-01-21T12:15:23.273+0800: 0.647: [CMS-concurrent-sweep-start]
2021-01-21T12:15:23.274+0800: 0.648: [CMS-concurrent-sweep: 0.001/0.001 secs] [Times: user=0.03 sys=0.00, real=0.00 secs] 
2021-01-21T12:15:23.274+0800: 0.648: [CMS-concurrent-reset-start]
2021-01-21T12:15:23.275+0800: 0.648: [CMS-concurrent-reset: 0.001/0.001 secs] [Times: user=0.00 sys=0.00, real=0.00 secs] 
2021-01-21T12:15:23.303+0800: 0.677: [GC (Allocation Failure) 2021-01-21T12:15:23.303+0800: 0.677: [ParNew: 157000K->157000K(157248K), 0.0000236 secs]2021-01-21T12:15:23.303+0800: 0.677: [CMS: 303745K->297101K(349568K), 0.0517141 secs] 460745K->297101K(506816K), [Metaspace: 2644K->2644K(1056768K)], 0.0518507 secs] [Times: user=0.06 sys=0.00, real=0.05 secs] 
2021-01-21T12:15:23.355+0800: 0.729: [GC (CMS Initial Mark) [1 CMS-initial-mark: 297101K(349568K)] 297438K(506816K), 0.0002415 secs] [Times: user=0.00 sys=0.00, real=0.00 secs] 
2021-01-21T12:15:23.356+0800: 0.729: [CMS-concurrent-mark-start]
2021-01-21T12:15:23.358+0800: 0.731: [CMS-concurrent-mark: 0.002/0.002 secs] [Times: user=0.00 sys=0.00, real=0.00 secs] 
2021-01-21T12:15:23.358+0800: 0.732: [CMS-concurrent-preclean-start]
2021-01-21T12:15:23.359+0800: 0.732: [CMS-concurrent-preclean: 0.001/0.001 secs] [Times: user=0.00 sys=0.00, real=0.00 secs] 
2021-01-21T12:15:23.359+0800: 0.732: [CMS-concurrent-abortable-preclean-start]
2021-01-21T12:15:23.379+0800: 0.753: [GC (Allocation Failure) 2021-01-21T12:15:23.379+0800: 0.753: [ParNew: 139776K->17471K(157248K), 0.0086827 secs] 436877K->343670K(506816K), 0.0087993 secs] [Times: user=0.09 sys=0.00, real=0.01 secs] 
2021-01-21T12:15:23.389+0800: 0.763: [CMS-concurrent-abortable-preclean: 0.002/0.030 secs] [Times: user=0.11 sys=0.00, real=0.03 secs] 
2021-01-21T12:15:23.389+0800: 0.763: [GC (CMS Final Remark) [YG occupancy: 24246 K (157248 K)]2021-01-21T12:15:23.389+0800: 0.763: [Rescan (parallel) , 0.0003867 secs]2021-01-21T12:15:23.389+0800: 0.763: [weak refs processing, 0.0000224 secs]2021-01-21T12:15:23.390+0800: 0.763: [class unloading, 0.0002163 secs]2021-01-21T12:15:23.390+0800: 0.763: [scrub symbol table, 0.0003809 secs]2021-01-21T12:15:23.390+0800: 0.764: [scrub string table, 0.0001724 secs][1 CMS-remark: 326199K(349568K)] 350446K(506816K), 0.0012890 secs] [Times: user=0.00 sys=0.00, real=0.00 secs] 
2021-01-21T12:15:23.390+0800: 0.764: [CMS-concurrent-sweep-start]
2021-01-21T12:15:23.391+0800: 0.765: [CMS-concurrent-sweep: 0.001/0.001 secs] [Times: user=0.00 sys=0.00, real=0.00 secs] 
2021-01-21T12:15:23.391+0800: 0.765: [CMS-concurrent-reset-start]
2021-01-21T12:15:23.391+0800: 0.765: [CMS-concurrent-reset: 0.000/0.000 secs] [Times: user=0.00 sys=0.00, real=0.00 secs] 
2021-01-21T12:15:23.416+0800: 0.790: [GC (Allocation Failure) 2021-01-21T12:15:23.416+0800: 0.790: [ParNew: 157247K->157247K(157248K), 0.0000233 secs]2021-01-21T12:15:23.416+0800: 0.790: [CMS: 325996K->309428K(349568K), 0.0441830 secs] 483243K->309428K(506816K), [Metaspace: 2644K->2644K(1056768K)], 0.0443051 secs] [Times: user=0.05 sys=0.00, real=0.05 secs] 
2021-01-21T12:15:23.461+0800: 0.835: [GC (CMS Initial Mark) [1 CMS-initial-mark: 309428K(349568K)] 310090K(506816K), 0.0001926 secs] [Times: user=0.00 sys=0.00, real=0.00 secs] 
2021-01-21T12:15:23.461+0800: 0.835: [CMS-concurrent-mark-start]
2021-01-21T12:15:23.462+0800: 0.836: [CMS-concurrent-mark: 0.001/0.001 secs] [Times: user=0.00 sys=0.00, real=0.00 secs] 
2021-01-21T12:15:23.462+0800: 0.836: [CMS-concurrent-preclean-start]
2021-01-21T12:15:23.463+0800: 0.837: [CMS-concurrent-preclean: 0.000/0.000 secs] [Times: user=0.00 sys=0.00, real=0.00 secs] 
2021-01-21T12:15:23.463+0800: 0.837: [CMS-concurrent-abortable-preclean-start]
2021-01-21T12:15:23.477+0800: 0.851: [GC (Allocation Failure) 2021-01-21T12:15:23.477+0800: 0.851: [ParNew: 139776K->17471K(157248K), 0.0100544 secs] 449204K->358607K(506816K), 0.0101502 secs] [Times: user=0.00 sys=0.00, real=0.01 secs] 
2021-01-21T12:15:23.488+0800: 0.861: [CMS-concurrent-abortable-preclean: 0.000/0.025 secs] [Times: user=0.02 sys=0.00, real=0.02 secs] 
2021-01-21T12:15:23.488+0800: 0.861: [GC (CMS Final Remark) [YG occupancy: 20684 K (157248 K)]2021-01-21T12:15:23.488+0800: 0.862: [Rescan (parallel) , 0.0004429 secs]2021-01-21T12:15:23.488+0800: 0.862: [weak refs processing, 0.0000151 secs]2021-01-21T12:15:23.488+0800: 0.862: [class unloading, 0.0002207 secs]2021-01-21T12:15:23.489+0800: 0.862: [scrub symbol table, 0.0003588 secs]2021-01-21T12:15:23.489+0800: 0.863: [scrub string table, 0.0000947 secs][1 CMS-remark: 341135K(349568K)] 361820K(506816K), 0.0012217 secs] [Times: user=0.00 sys=0.00, real=0.00 secs] 
2021-01-21T12:15:23.489+0800: 0.863: [CMS-concurrent-sweep-start]
2021-01-21T12:15:23.490+0800: 0.863: [CMS-concurrent-sweep: 0.000/0.000 secs] [Times: user=0.00 sys=0.00, real=0.00 secs] 
2021-01-21T12:15:23.490+0800: 0.863: [CMS-concurrent-reset-start]
2021-01-21T12:15:23.490+0800: 0.864: [CMS-concurrent-reset: 0.000/0.000 secs] [Times: user=0.00 sys=0.00, real=0.00 secs] 
2021-01-21T12:15:23.507+0800: 0.881: [GC (Allocation Failure) 2021-01-21T12:15:23.507+0800: 0.881: [ParNew: 157247K->157247K(157248K), 0.0000210 secs]2021-01-21T12:15:23.507+0800: 0.881: [CMS: 341135K->325446K(349568K), 0.0437090 secs] 498383K->325446K(506816K), [Metaspace: 2644K->2644K(1056768K)], 0.0438231 secs] [Times: user=0.05 sys=0.00, real=0.04 secs] 
2021-01-21T12:15:23.551+0800: 0.925: [GC (CMS Initial Mark) [1 CMS-initial-mark: 325446K(349568K)] 328496K(506816K), 0.0003965 secs] [Times: user=0.00 sys=0.00, real=0.00 secs] 
2021-01-21T12:15:23.551+0800: 0.925: [CMS-concurrent-mark-start]
2021-01-21T12:15:23.553+0800: 0.926: [CMS-concurrent-mark: 0.001/0.001 secs] [Times: user=0.00 sys=0.00, real=0.00 secs] 
2021-01-21T12:15:23.553+0800: 0.926: [CMS-concurrent-preclean-start]
2021-01-21T12:15:23.553+0800: 0.927: [CMS-concurrent-preclean: 0.000/0.000 secs] [Times: user=0.00 sys=0.00, real=0.00 secs] 
2021-01-21T12:15:23.553+0800: 0.927: [CMS-concurrent-abortable-preclean-start]
2021-01-21T12:15:23.568+0800: 0.942: [GC (Allocation Failure) 2021-01-21T12:15:23.569+0800: 0.942: [ParNew: 139776K->139776K(157248K), 0.0000288 secs]2021-01-21T12:15:23.569+0800: 0.942: [CMS2021-01-21T12:15:23.569+0800: 0.942: [CMS-concurrent-abortable-preclean: 0.000/0.015 secs] [Times: user=0.02 sys=0.00, real=0.02 secs] 
 (concurrent mode failure): 325446K->326535K(349568K), 0.0438367 secs] 465222K->326535K(506816K), [Metaspace: 2644K->2644K(1056768K)], 0.0439698 secs] [Times: user=0.05 sys=0.00, real=0.04 secs] 
2021-01-21T12:15:23.630+0800: 1.003: [GC (Allocation Failure) 2021-01-21T12:15:23.630+0800: 1.003: [ParNew: 139776K->139776K(157248K), 0.0000324 secs]2021-01-21T12:15:23.630+0800: 1.003: [CMS: 326535K->334776K(349568K), 0.0463707 secs] 466311K->334776K(506816K), [Metaspace: 2644K->2644K(1056768K)], 0.0465274 secs] [Times: user=0.05 sys=0.00, real=0.05 secs] 
2021-01-21T12:15:23.676+0800: 1.050: [GC (CMS Initial Mark) [1 CMS-initial-mark: 334776K(349568K)] 337939K(506816K), 0.0002582 secs] [Times: user=0.00 sys=0.00, real=0.00 secs] 
2021-01-21T12:15:23.677+0800: 1.050: [CMS-concurrent-mark-start]
2021-01-21T12:15:23.678+0800: 1.052: [CMS-concurrent-mark: 0.001/0.001 secs] [Times: user=0.00 sys=0.00, real=0.00 secs] 
2021-01-21T12:15:23.678+0800: 1.052: [CMS-concurrent-preclean-start]
2021-01-21T12:15:23.679+0800: 1.052: [CMS-concurrent-preclean: 0.000/0.000 secs] [Times: user=0.00 sys=0.00, real=0.00 secs] 
2021-01-21T12:15:23.679+0800: 1.052: [CMS-concurrent-abortable-preclean-start]
2021-01-21T12:15:23.679+0800: 1.052: [CMS-concurrent-abortable-preclean: 0.000/0.000 secs] [Times: user=0.00 sys=0.00, real=0.00 secs] 
2021-01-21T12:15:23.679+0800: 1.053: [GC (CMS Final Remark) [YG occupancy: 19606 K (157248 K)]2021-01-21T12:15:23.679+0800: 1.053: [Rescan (parallel) , 0.0005863 secs]2021-01-21T12:15:23.680+0800: 1.053: [weak refs processing, 0.0000180 secs]2021-01-21T12:15:23.680+0800: 1.053: [class unloading, 0.0002290 secs]2021-01-21T12:15:23.680+0800: 1.054: [scrub symbol table, 0.0003643 secs]2021-01-21T12:15:23.680+0800: 1.054: [scrub string table, 0.0001365 secs][1 CMS-remark: 334776K(349568K)] 354382K(506816K), 0.0014450 secs] [Times: user=0.02 sys=0.00, real=0.00 secs] 
2021-01-21T12:15:23.680+0800: 1.054: [CMS-concurrent-sweep-start]
2021-01-21T12:15:23.681+0800: 1.055: [CMS-concurrent-sweep: 0.001/0.001 secs] [Times: user=0.00 sys=0.00, real=0.00 secs] 
2021-01-21T12:15:23.681+0800: 1.055: [CMS-concurrent-reset-start]
2021-01-21T12:15:23.681+0800: 1.055: [CMS-concurrent-reset: 0.000/0.000 secs] [Times: user=0.00 sys=0.00, real=0.00 secs] 
2021-01-21T12:15:23.695+0800: 1.068: [GC (Allocation Failure) 2021-01-21T12:15:23.695+0800: 1.068: [ParNew: 139776K->139776K(157248K), 0.0000377 secs]2021-01-21T12:15:23.695+0800: 1.069: [CMS: 333276K->344393K(349568K), 0.0503840 secs] 473052K->344393K(506816K), [Metaspace: 2644K->2644K(1056768K)], 0.0505383 secs] [Times: user=0.05 sys=0.00, real=0.05 secs] 
2021-01-21T12:15:23.746+0800: 1.119: [GC (CMS Initial Mark) [1 CMS-initial-mark: 344393K(349568K)] 347941K(506816K), 0.0005345 secs] [Times: user=0.00 sys=0.00, real=0.00 secs] 
2021-01-21T12:15:23.746+0800: 1.120: [CMS-concurrent-mark-start]
Heap
 par new generation   total 157248K, used 6344K [0x00000000e0000000, 0x00000000eaaa0000, 0x00000000eaaa0000)
  eden space 139776K,   4% used [0x00000000e0000000, 0x00000000e0632228, 0x00000000e8880000)
  from space 17472K,   0% used [0x00000000e9990000, 0x00000000e9990000, 0x00000000eaaa0000)
  to   space 17472K,   0% used [0x00000000e8880000, 0x00000000e8880000, 0x00000000e9990000)
 concurrent mark-sweep generation total 349568K, used 344393K [0x00000000eaaa0000, 0x0000000100000000, 0x0000000100000000)
 Metaspace       used 2651K, capacity 4486K, committed 4864K, reserved 1056768K
  class space    used 297K, capacity 386K, committed 512K, reserved 1048576K
