Java HotSpot(TM) 64-Bit Server VM (25.101-b13) for windows-amd64 JRE (1.8.0_101-b13), built on Jun 22 2016 01:21:29 by "java_re" with MS VC++ 10.0 (VS2010)
Memory: 4k page, physical 8281064k(509392k free), swap 23565888k(3647068k free)
CommandLine flags: -XX:InitialHeapSize=536870912 -XX:MaxHeapSize=536870912 -XX:+PrintGC -XX:+PrintGCDateStamps -XX:+PrintGCDetails -XX:+PrintGCTimeStamps -XX:+UseCompressedClassPointers -XX:+UseCompressedOops -XX:+UseG1GC -XX:-UseLargePagesIndividualAllocation 
2021-01-21T21:30:39.437+0800: 0.141: [GC pause (G1 Evacuation Pause) (young), 0.0094073 secs]
   [Parallel Time: 3.4 ms, GC Workers: 8]
      [GC Worker Start (ms): Min: 143.1, Avg: 143.2, Max: 143.3, Diff: 0.2]
      [Ext Root Scanning (ms): Min: 0.6, Avg: 0.6, Max: 0.9, Diff: 0.3, Sum: 5.1]
      [Update RS (ms): Min: 0.0, Avg: 0.0, Max: 0.0, Diff: 0.0, Sum: 0.0]
         [Processed Buffers: Min: 0, Avg: 0.0, Max: 0, Diff: 0, Sum: 0]
      [Scan RS (ms): Min: 0.0, Avg: 0.0, Max: 0.0, Diff: 0.0, Sum: 0.1]
      [Code Root Scanning (ms): Min: 0.0, Avg: 0.0, Max: 0.0, Diff: 0.0, Sum: 0.0]
      [Object Copy (ms): Min: 1.1, Avg: 1.7, Max: 1.9, Diff: 0.8, Sum: 13.2]
      [Termination (ms): Min: 0.0, Avg: 0.2, Max: 0.7, Diff: 0.7, Sum: 1.6]
         [Termination Attempts: Min: 1, Avg: 2.9, Max: 6, Diff: 5, Sum: 23]
      [GC Worker Other (ms): Min: 0.3, Avg: 0.4, Max: 0.5, Diff: 0.2, Sum: 3.0]
      [GC Worker Total (ms): Min: 2.8, Avg: 2.9, Max: 3.0, Diff: 0.2, Sum: 23.1]
      [GC Worker End (ms): Min: 146.1, Avg: 146.1, Max: 146.1, Diff: 0.0]
   [Code Root Fixup: 0.0 ms]
   [Code Root Purge: 0.0 ms]
   [Clear CT: 0.6 ms]
   [Other: 5.4 ms]
      [Choose CSet: 0.0 ms]
      [Ref Proc: 0.9 ms]
      [Ref Enq: 0.0 ms]
      [Redirty Cards: 0.6 ms]
      [Humongous Register: 0.0 ms]
      [Humongous Reclaim: 0.0 ms]
      [Free CSet: 0.0 ms]
   [Eden: 25.0M(25.0M)->0.0B(27.0M) Survivors: 0.0B->4096.0K Heap: 33.0M(512.0M)->11.4M(512.0M)]
 [Times: user=0.00 sys=0.00, real=0.01 secs] 
2021-01-21T21:30:39.461+0800: 0.165: [GC pause (G1 Evacuation Pause) (young), 0.0044158 secs]
   [Parallel Time: 2.9 ms, GC Workers: 8]
      [GC Worker Start (ms): Min: 164.8, Avg: 164.9, Max: 165.0, Diff: 0.2]
      [Ext Root Scanning (ms): Min: 0.0, Avg: 0.1, Max: 0.2, Diff: 0.2, Sum: 0.7]
      [Update RS (ms): Min: 0.0, Avg: 0.0, Max: 0.0, Diff: 0.0, Sum: 0.0]
         [Processed Buffers: Min: 0, Avg: 0.0, Max: 0, Diff: 0, Sum: 0]
      [Scan RS (ms): Min: 0.0, Avg: 0.0, Max: 0.0, Diff: 0.0, Sum: 0.0]
      [Code Root Scanning (ms): Min: 0.0, Avg: 0.0, Max: 0.0, Diff: 0.0, Sum: 0.0]
      [Object Copy (ms): Min: 2.2, Avg: 2.3, Max: 2.4, Diff: 0.2, Sum: 18.3]
      [Termination (ms): Min: 0.0, Avg: 0.1, Max: 0.2, Diff: 0.2, Sum: 0.7]
         [Termination Attempts: Min: 1, Avg: 1.0, Max: 1, Diff: 0, Sum: 8]
      [GC Worker Other (ms): Min: 0.0, Avg: 0.0, Max: 0.0, Diff: 0.0, Sum: 0.0]
      [GC Worker Total (ms): Min: 2.4, Avg: 2.5, Max: 2.6, Diff: 0.2, Sum: 19.9]
      [GC Worker End (ms): Min: 167.4, Avg: 167.4, Max: 167.4, Diff: 0.0]
   [Code Root Fixup: 0.0 ms]
   [Code Root Purge: 0.0 ms]
   [Clear CT: 0.5 ms]
   [Other: 1.0 ms]
      [Choose CSet: 0.0 ms]
      [Ref Proc: 0.5 ms]
      [Ref Enq: 0.0 ms]
      [Redirty Cards: 0.3 ms]
      [Humongous Register: 0.0 ms]
      [Humongous Reclaim: 0.0 ms]
      [Free CSet: 0.0 ms]
   [Eden: 27.0M(27.0M)->0.0B(54.0M) Survivors: 4096.0K->4096.0K Heap: 48.5M(512.0M)->26.4M(512.0M)]
 [Times: user=0.00 sys=0.00, real=0.00 secs] 
2021-01-21T21:30:39.490+0800: 0.194: [GC pause (G1 Evacuation Pause) (young), 0.0060682 secs]
   [Parallel Time: 5.2 ms, GC Workers: 8]
      [GC Worker Start (ms): Min: 194.1, Avg: 194.2, Max: 194.3, Diff: 0.2]
      [Ext Root Scanning (ms): Min: 0.0, Avg: 0.1, Max: 0.2, Diff: 0.2, Sum: 1.0]
      [Update RS (ms): Min: 0.7, Avg: 0.8, Max: 0.8, Diff: 0.1, Sum: 6.4]
         [Processed Buffers: Min: 1, Avg: 6.3, Max: 8, Diff: 7, Sum: 50]
      [Scan RS (ms): Min: 0.0, Avg: 0.0, Max: 0.0, Diff: 0.0, Sum: 0.0]
      [Code Root Scanning (ms): Min: 0.0, Avg: 0.0, Max: 0.0, Diff: 0.0, Sum: 0.0]
      [Object Copy (ms): Min: 3.8, Avg: 3.9, Max: 4.1, Diff: 0.2, Sum: 31.5]
      [Termination (ms): Min: 0.0, Avg: 0.2, Max: 0.3, Diff: 0.3, Sum: 1.3]
         [Termination Attempts: Min: 1, Avg: 1.0, Max: 1, Diff: 0, Sum: 8]
      [GC Worker Other (ms): Min: 0.0, Avg: 0.0, Max: 0.0, Diff: 0.0, Sum: 0.1]
      [GC Worker Total (ms): Min: 5.0, Avg: 5.0, Max: 5.2, Diff: 0.2, Sum: 40.3]
      [GC Worker End (ms): Min: 199.2, Avg: 199.2, Max: 199.3, Diff: 0.0]
   [Code Root Fixup: 0.0 ms]
   [Code Root Purge: 0.0 ms]
   [Clear CT: 0.2 ms]
   [Other: 0.6 ms]
      [Choose CSet: 0.0 ms]
      [Ref Proc: 0.2 ms]
      [Ref Enq: 0.0 ms]
      [Redirty Cards: 0.2 ms]
      [Humongous Register: 0.1 ms]
      [Humongous Reclaim: 0.0 ms]
      [Free CSet: 0.0 ms]
   [Eden: 54.0M(54.0M)->0.0B(64.0M) Survivors: 4096.0K->8192.0K Heap: 97.5M(512.0M)->54.7M(512.0M)]
 [Times: user=0.01 sys=0.09, real=0.01 secs] 
2021-01-21T21:30:39.524+0800: 0.228: [GC pause (G1 Evacuation Pause) (young), 0.0072321 secs]
   [Parallel Time: 6.3 ms, GC Workers: 8]
      [GC Worker Start (ms): Min: 228.0, Avg: 228.1, Max: 228.2, Diff: 0.2]
      [Ext Root Scanning (ms): Min: 0.0, Avg: 0.1, Max: 0.2, Diff: 0.2, Sum: 0.8]
      [Update RS (ms): Min: 0.1, Avg: 0.1, Max: 0.1, Diff: 0.1, Sum: 0.9]
         [Processed Buffers: Min: 0, Avg: 1.5, Max: 2, Diff: 2, Sum: 12]
      [Scan RS (ms): Min: 0.0, Avg: 0.0, Max: 0.0, Diff: 0.0, Sum: 0.1]
      [Code Root Scanning (ms): Min: 0.0, Avg: 0.0, Max: 0.0, Diff: 0.0, Sum: 0.0]
      [Object Copy (ms): Min: 5.5, Avg: 5.7, Max: 5.9, Diff: 0.3, Sum: 45.2]
      [Termination (ms): Min: 0.0, Avg: 0.2, Max: 0.3, Diff: 0.3, Sum: 1.6]
         [Termination Attempts: Min: 1, Avg: 1.1, Max: 2, Diff: 1, Sum: 9]
      [GC Worker Other (ms): Min: 0.0, Avg: 0.0, Max: 0.0, Diff: 0.0, Sum: 0.1]
      [GC Worker Total (ms): Min: 6.0, Avg: 6.1, Max: 6.1, Diff: 0.2, Sum: 48.6]
      [GC Worker End (ms): Min: 234.2, Avg: 234.2, Max: 234.2, Diff: 0.0]
   [Code Root Fixup: 0.0 ms]
   [Code Root Purge: 0.0 ms]
   [Clear CT: 0.2 ms]
   [Other: 0.8 ms]
      [Choose CSet: 0.0 ms]
      [Ref Proc: 0.2 ms]
      [Ref Enq: 0.0 ms]
      [Redirty Cards: 0.2 ms]
      [Humongous Register: 0.1 ms]
      [Humongous Reclaim: 0.1 ms]
      [Free CSet: 0.1 ms]
   [Eden: 64.0M(64.0M)->0.0B(75.0M) Survivors: 8192.0K->9216.0K Heap: 139.2M(512.0M)->83.0M(512.0M)]
 [Times: user=0.00 sys=0.00, real=0.01 secs] 
2021-01-21T21:30:39.553+0800: 0.257: [GC pause (G1 Evacuation Pause) (young), 0.0082698 secs]
   [Parallel Time: 7.5 ms, GC Workers: 8]
      [GC Worker Start (ms): Min: 256.8, Avg: 258.7, Max: 264.1, Diff: 7.2]
      [Ext Root Scanning (ms): Min: 0.0, Avg: 0.1, Max: 0.2, Diff: 0.2, Sum: 0.6]
      [Update RS (ms): Min: 0.0, Avg: 0.1, Max: 0.2, Diff: 0.2, Sum: 1.1]
         [Processed Buffers: Min: 0, Avg: 2.0, Max: 5, Diff: 5, Sum: 16]
      [Scan RS (ms): Min: 0.0, Avg: 0.0, Max: 0.0, Diff: 0.0, Sum: 0.1]
      [Code Root Scanning (ms): Min: 0.0, Avg: 0.0, Max: 0.0, Diff: 0.0, Sum: 0.0]
      [Object Copy (ms): Min: 0.0, Avg: 5.1, Max: 6.9, Diff: 6.9, Sum: 41.0]
      [Termination (ms): Min: 0.0, Avg: 0.1, Max: 0.2, Diff: 0.2, Sum: 0.7]
         [Termination Attempts: Min: 1, Avg: 1.3, Max: 3, Diff: 2, Sum: 10]
      [GC Worker Other (ms): Min: 0.0, Avg: 0.0, Max: 0.0, Diff: 0.0, Sum: 0.1]
      [GC Worker Total (ms): Min: 0.1, Avg: 5.5, Max: 7.4, Diff: 7.3, Sum: 43.7]
      [GC Worker End (ms): Min: 264.1, Avg: 264.2, Max: 264.2, Diff: 0.1]
   [Code Root Fixup: 0.0 ms]
   [Code Root Purge: 0.0 ms]
   [Clear CT: 0.2 ms]
   [Other: 0.6 ms]
      [Choose CSet: 0.0 ms]
      [Ref Proc: 0.1 ms]
      [Ref Enq: 0.0 ms]
      [Redirty Cards: 0.2 ms]
      [Humongous Register: 0.1 ms]
      [Humongous Reclaim: 0.1 ms]
      [Free CSet: 0.1 ms]
   [Eden: 75.0M(75.0M)->0.0B(124.0M) Survivors: 9216.0K->11.0M Heap: 173.2M(512.0M)->112.3M(512.0M)]
 [Times: user=0.03 sys=0.05, real=0.01 secs] 
2021-01-21T21:30:39.620+0800: 0.323: [GC pause (G1 Evacuation Pause) (young), 0.0097152 secs]
   [Parallel Time: 8.8 ms, GC Workers: 8]
      [GC Worker Start (ms): Min: 323.6, Avg: 323.6, Max: 323.7, Diff: 0.2]
      [Ext Root Scanning (ms): Min: 0.0, Avg: 0.1, Max: 0.1, Diff: 0.1, Sum: 0.8]
      [Update RS (ms): Min: 0.1, Avg: 0.1, Max: 0.2, Diff: 0.0, Sum: 1.1]
         [Processed Buffers: Min: 0, Avg: 1.6, Max: 3, Diff: 3, Sum: 13]
      [Scan RS (ms): Min: 0.0, Avg: 0.0, Max: 0.0, Diff: 0.0, Sum: 0.1]
      [Code Root Scanning (ms): Min: 0.0, Avg: 0.0, Max: 0.0, Diff: 0.0, Sum: 0.0]
      [Object Copy (ms): Min: 8.1, Avg: 8.2, Max: 8.4, Diff: 0.3, Sum: 65.8]
      [Termination (ms): Min: 0.0, Avg: 0.2, Max: 0.3, Diff: 0.3, Sum: 1.4]
         [Termination Attempts: Min: 1, Avg: 1.0, Max: 1, Diff: 0, Sum: 8]
      [GC Worker Other (ms): Min: 0.0, Avg: 0.0, Max: 0.0, Diff: 0.0, Sum: 0.2]
      [GC Worker Total (ms): Min: 8.6, Avg: 8.7, Max: 8.7, Diff: 0.2, Sum: 69.5]
      [GC Worker End (ms): Min: 332.3, Avg: 332.3, Max: 332.3, Diff: 0.0]
   [Code Root Fixup: 0.0 ms]
   [Code Root Purge: 0.0 ms]
   [Clear CT: 0.2 ms]
   [Other: 0.7 ms]
      [Choose CSet: 0.0 ms]
      [Ref Proc: 0.1 ms]
      [Ref Enq: 0.0 ms]
      [Redirty Cards: 0.2 ms]
      [Humongous Register: 0.1 ms]
      [Humongous Reclaim: 0.1 ms]
      [Free CSet: 0.1 ms]
   [Eden: 124.0M(124.0M)->0.0B(131.0M) Survivors: 11.0M->17.0M Heap: 263.3M(512.0M)->151.7M(512.0M)]
 [Times: user=0.00 sys=0.00, real=0.01 secs] 
2021-01-21T21:30:39.668+0800: 0.372: [GC pause (G1 Evacuation Pause) (young), 0.0119833 secs]
   [Parallel Time: 11.2 ms, GC Workers: 8]
      [GC Worker Start (ms): Min: 372.2, Avg: 372.3, Max: 372.3, Diff: 0.1]
      [Ext Root Scanning (ms): Min: 0.1, Avg: 0.1, Max: 0.1, Diff: 0.1, Sum: 0.8]
      [Update RS (ms): Min: 0.1, Avg: 0.2, Max: 0.2, Diff: 0.0, Sum: 1.3]
         [Processed Buffers: Min: 0, Avg: 2.4, Max: 4, Diff: 4, Sum: 19]
      [Scan RS (ms): Min: 0.0, Avg: 0.0, Max: 0.0, Diff: 0.0, Sum: 0.1]
      [Code Root Scanning (ms): Min: 0.0, Avg: 0.0, Max: 0.0, Diff: 0.0, Sum: 0.0]
      [Object Copy (ms): Min: 10.2, Avg: 10.4, Max: 10.7, Diff: 0.5, Sum: 83.2]
      [Termination (ms): Min: 0.0, Avg: 0.4, Max: 0.5, Diff: 0.5, Sum: 2.8]
         [Termination Attempts: Min: 1, Avg: 1.9, Max: 3, Diff: 2, Sum: 15]
      [GC Worker Other (ms): Min: 0.0, Avg: 0.0, Max: 0.0, Diff: 0.0, Sum: 0.1]
      [GC Worker Total (ms): Min: 11.0, Avg: 11.0, Max: 11.1, Diff: 0.1, Sum: 88.3]
      [GC Worker End (ms): Min: 383.3, Avg: 383.3, Max: 383.3, Diff: 0.0]
   [Code Root Fixup: 0.0 ms]
   [Code Root Purge: 0.0 ms]
   [Clear CT: 0.2 ms]
   [Other: 0.6 ms]
      [Choose CSet: 0.0 ms]
      [Ref Proc: 0.1 ms]
      [Ref Enq: 0.0 ms]
      [Redirty Cards: 0.2 ms]
      [Humongous Register: 0.1 ms]
      [Humongous Reclaim: 0.1 ms]
      [Free CSet: 0.1 ms]
   [Eden: 131.0M(131.0M)->0.0B(173.0M) Survivors: 17.0M->19.0M Heap: 316.2M(512.0M)->202.9M(512.0M)]
 [Times: user=0.06 sys=0.02, real=0.01 secs] 
2021-01-21T21:30:39.687+0800: 0.391: [GC pause (G1 Humongous Allocation) (young) (initial-mark), 0.0057551 secs]
   [Parallel Time: 4.8 ms, GC Workers: 8]
      [GC Worker Start (ms): Min: 391.8, Avg: 391.8, Max: 391.9, Diff: 0.2]
      [Ext Root Scanning (ms): Min: 0.0, Avg: 0.1, Max: 0.2, Diff: 0.2, Sum: 1.2]
      [Update RS (ms): Min: 0.1, Avg: 0.1, Max: 0.2, Diff: 0.1, Sum: 1.0]
         [Processed Buffers: Min: 0, Avg: 1.9, Max: 3, Diff: 3, Sum: 15]
      [Scan RS (ms): Min: 0.0, Avg: 0.0, Max: 0.0, Diff: 0.0, Sum: 0.0]
      [Code Root Scanning (ms): Min: 0.0, Avg: 0.0, Max: 0.0, Diff: 0.0, Sum: 0.0]
      [Object Copy (ms): Min: 4.0, Avg: 4.1, Max: 4.3, Diff: 0.3, Sum: 32.9]
      [Termination (ms): Min: 0.0, Avg: 0.2, Max: 0.4, Diff: 0.4, Sum: 1.7]
         [Termination Attempts: Min: 1, Avg: 1.8, Max: 3, Diff: 2, Sum: 14]
      [GC Worker Other (ms): Min: 0.0, Avg: 0.0, Max: 0.0, Diff: 0.0, Sum: 0.2]
      [GC Worker Total (ms): Min: 4.5, Avg: 4.6, Max: 4.7, Diff: 0.2, Sum: 37.0]
      [GC Worker End (ms): Min: 396.4, Avg: 396.4, Max: 396.5, Diff: 0.1]
   [Code Root Fixup: 0.0 ms]
   [Code Root Purge: 0.0 ms]
   [Clear CT: 0.2 ms]
   [Other: 0.8 ms]
      [Choose CSet: 0.0 ms]
      [Ref Proc: 0.2 ms]
      [Ref Enq: 0.0 ms]
      [Redirty Cards: 0.1 ms]
      [Humongous Register: 0.0 ms]
      [Humongous Reclaim: 0.0 ms]
      [Free CSet: 0.0 ms]
   [Eden: 37.0M(173.0M)->0.0B(162.0M) Survivors: 19.0M->13.0M Heap: 248.4M(512.0M)->215.5M(512.0M)]
 [Times: user=0.00 sys=0.00, real=0.01 secs] 
2021-01-21T21:30:39.693+0800: 0.397: [GC concurrent-root-region-scan-start]
2021-01-21T21:30:39.695+0800: 0.399: [GC concurrent-root-region-scan-end, 0.0018938 secs]
2021-01-21T21:30:39.695+0800: 0.399: [GC concurrent-mark-start]
2021-01-21T21:30:39.698+0800: 0.402: [GC concurrent-mark-end, 0.0030948 secs]
2021-01-21T21:30:39.699+0800: 0.403: [GC remark 2021-01-21T21:30:39.699+0800: 0.403: [Finalize Marking, 0.0001898 secs] 2021-01-21T21:30:39.699+0800: 0.403: [GC ref-proc, 0.0002806 secs] 2021-01-21T21:30:39.700+0800: 0.403: [Unloading, 0.0005037 secs], 0.0021622 secs]
 [Times: user=0.00 sys=0.00, real=0.00 secs] 
2021-01-21T21:30:39.702+0800: 0.406: [GC cleanup 243M->243M(512M), 0.0006575 secs]
 [Times: user=0.00 sys=0.00, real=0.00 secs] 
2021-01-21T21:30:39.873+0800: 0.577: [GC pause (G1 Evacuation Pause) (young) (to-space exhausted), 0.0863123 secs]
   [Parallel Time: 53.6 ms, GC Workers: 8]
      [GC Worker Start (ms): Min: 585.1, Avg: 585.3, Max: 585.4, Diff: 0.3]
      [Ext Root Scanning (ms): Min: 1.8, Avg: 2.7, Max: 4.2, Diff: 2.4, Sum: 22.0]
      [Update RS (ms): Min: 0.0, Avg: 6.3, Max: 46.7, Diff: 46.7, Sum: 50.8]
         [Processed Buffers: Min: 0, Avg: 2.6, Max: 8, Diff: 8, Sum: 21]
      [Scan RS (ms): Min: 0.0, Avg: 0.9, Max: 2.0, Diff: 2.0, Sum: 6.8]
      [Code Root Scanning (ms): Min: 0.0, Avg: 0.0, Max: 0.0, Diff: 0.0, Sum: 0.0]
      [Object Copy (ms): Min: 0.0, Avg: 35.2, Max: 41.6, Diff: 41.6, Sum: 282.0]
      [Termination (ms): Min: 0.0, Avg: 5.2, Max: 6.0, Diff: 6.0, Sum: 41.3]
         [Termination Attempts: Min: 1, Avg: 12.5, Max: 20, Diff: 19, Sum: 100]
      [GC Worker Other (ms): Min: 1.2, Avg: 1.5, Max: 2.0, Diff: 0.8, Sum: 12.3]
      [GC Worker Total (ms): Min: 51.5, Avg: 51.9, Max: 52.2, Diff: 0.7, Sum: 415.3]
      [GC Worker End (ms): Min: 636.9, Avg: 637.2, Max: 637.3, Diff: 0.4]
   [Code Root Fixup: 1.8 ms]
   [Code Root Purge: 0.0 ms]
   [Clear CT: 0.5 ms]
   [Other: 30.4 ms]
      [Evacuation Failure: 2.5 ms]
      [Choose CSet: 0.0 ms]
      [Ref Proc: 5.4 ms]
      [Ref Enq: 0.3 ms]
      [Redirty Cards: 1.3 ms]
      [Humongous Register: 1.5 ms]
      [Humongous Reclaim: 3.7 ms]
      [Free CSet: 2.2 ms]
   [Eden: 162.0M(162.0M)->0.0B(4096.0K) Survivors: 13.0M->21.0M Heap: 427.1M(512.0M)->368.7M(512.0M)]
 [Times: user=0.14 sys=0.39, real=0.09 secs] 
2021-01-21T21:30:39.979+0800: 0.683: [GC pause (G1 Evacuation Pause) (mixed), 0.0476203 secs]
   [Parallel Time: 40.2 ms, GC Workers: 8]
      [GC Worker Start (ms): Min: 685.6, Avg: 685.6, Max: 685.7, Diff: 0.1]
      [Ext Root Scanning (ms): Min: 0.0, Avg: 1.7, Max: 4.0, Diff: 4.0, Sum: 13.9]
      [Update RS (ms): Min: 0.0, Avg: 5.2, Max: 36.8, Diff: 36.8, Sum: 41.3]
         [Processed Buffers: Min: 0, Avg: 2.3, Max: 13, Diff: 13, Sum: 18]
      [Scan RS (ms): Min: 0.0, Avg: 1.2, Max: 4.9, Diff: 4.9, Sum: 9.5]
      [Code Root Scanning (ms): Min: 0.0, Avg: 0.0, Max: 0.0, Diff: 0.0, Sum: 0.0]
      [Object Copy (ms): Min: 0.0, Avg: 14.2, Max: 19.4, Diff: 19.4, Sum: 114.0]
      [Termination (ms): Min: 0.0, Avg: 15.4, Max: 20.6, Diff: 20.6, Sum: 123.0]
         [Termination Attempts: Min: 1, Avg: 12.3, Max: 19, Diff: 18, Sum: 98]
      [GC Worker Other (ms): Min: 0.1, Avg: 1.0, Max: 4.0, Diff: 3.9, Sum: 7.9]
      [GC Worker Total (ms): Min: 38.6, Avg: 38.7, Max: 38.8, Diff: 0.2, Sum: 309.5]
      [GC Worker End (ms): Min: 724.3, Avg: 724.3, Max: 724.3, Diff: 0.0]
   [Code Root Fixup: 0.0 ms]
   [Code Root Purge: 0.0 ms]
   [Clear CT: 0.2 ms]
   [Other: 7.2 ms]
      [Choose CSet: 0.1 ms]
      [Ref Proc: 0.2 ms]
      [Ref Enq: 0.0 ms]
      [Redirty Cards: 0.2 ms]
      [Humongous Register: 1.8 ms]
      [Humongous Reclaim: 1.6 ms]
      [Free CSet: 0.4 ms]
   [Eden: 4096.0K(4096.0K)->0.0B(46.0M) Survivors: 21.0M->1024.0K Heap: 374.1M(512.0M)->362.8M(512.0M)]
 [Times: user=0.03 sys=0.20, real=0.05 secs] 
2021-01-21T21:30:40.032+0800: 0.736: [GC pause (G1 Humongous Allocation) (young) (initial-mark), 0.0200733 secs]
   [Parallel Time: 12.4 ms, GC Workers: 8]
      [GC Worker Start (ms): Min: 738.9, Avg: 739.0, Max: 739.1, Diff: 0.2]
      [Ext Root Scanning (ms): Min: 0.0, Avg: 0.8, Max: 1.6, Diff: 1.6, Sum: 6.4]
      [Update RS (ms): Min: 2.2, Avg: 3.4, Max: 9.1, Diff: 6.9, Sum: 27.1]
         [Processed Buffers: Min: 0, Avg: 1.0, Max: 2, Diff: 2, Sum: 8]
      [Scan RS (ms): Min: 0.0, Avg: 0.0, Max: 0.0, Diff: 0.0, Sum: 0.0]
      [Code Root Scanning (ms): Min: 0.0, Avg: 0.0, Max: 0.0, Diff: 0.0, Sum: 0.0]
      [Object Copy (ms): Min: 0.0, Avg: 0.1, Max: 0.3, Diff: 0.3, Sum: 0.6]
      [Termination (ms): Min: 0.0, Avg: 6.0, Max: 7.0, Diff: 7.0, Sum: 47.6]
         [Termination Attempts: Min: 1, Avg: 3.5, Max: 6, Diff: 5, Sum: 28]
      [GC Worker Other (ms): Min: 0.1, Avg: 1.3, Max: 2.7, Diff: 2.7, Sum: 10.2]
      [GC Worker Total (ms): Min: 10.7, Avg: 11.5, Max: 12.3, Diff: 1.6, Sum: 92.0]
      [GC Worker End (ms): Min: 749.8, Avg: 750.5, Max: 751.2, Diff: 1.4]
   [Code Root Fixup: 0.0 ms]
   [Code Root Purge: 0.0 ms]
   [Clear CT: 0.2 ms]
   [Other: 7.5 ms]
      [Choose CSet: 0.0 ms]
      [Ref Proc: 0.3 ms]
      [Ref Enq: 0.0 ms]
      [Redirty Cards: 0.2 ms]
      [Humongous Register: 1.9 ms]
      [Humongous Reclaim: 0.1 ms]
      [Free CSet: 0.9 ms]
   [Eden: 5120.0K(46.0M)->0.0B(47.0M) Survivors: 1024.0K->3072.0K Heap: 367.2M(512.0M)->364.1M(512.0M)]
 [Times: user=0.00 sys=0.08, real=0.02 secs] 
2021-01-21T21:30:40.053+0800: 0.757: [GC concurrent-root-region-scan-start]
2021-01-21T21:30:40.055+0800: 0.759: [GC concurrent-root-region-scan-end, 0.0022353 secs]
2021-01-21T21:30:40.055+0800: 0.759: [GC concurrent-mark-start]
2021-01-21T21:30:40.104+0800: 0.808: [GC concurrent-mark-end, 0.0491758 secs]
2021-01-21T21:30:40.113+0800: 0.817: [GC remark 2021-01-21T21:30:40.113+0800: 0.817: [Finalize Marking, 0.0028226 secs] 2021-01-21T21:30:40.116+0800: 0.820: [GC ref-proc, 0.0003919 secs] 2021-01-21T21:30:40.117+0800: 0.820: [Unloading, 0.0074153 secs], 0.0142750 secs]
 [Times: user=0.00 sys=0.02, real=0.02 secs] 
2021-01-21T21:30:40.130+0800: 0.835: [GC cleanup 415M->415M(512M), 0.0084167 secs]
 [Times: user=0.00 sys=0.02, real=0.01 secs] 
2021-01-21T21:30:40.173+0800: 0.877: [GC pause (G1 Evacuation Pause) (young), 0.0722182 secs]
   [Parallel Time: 44.9 ms, GC Workers: 8]
      [GC Worker Start (ms): Min: 885.3, Avg: 885.4, Max: 885.4, Diff: 0.1]
      [Ext Root Scanning (ms): Min: 0.0, Avg: 0.9, Max: 1.6, Diff: 1.6, Sum: 7.6]
      [Update RS (ms): Min: 2.4, Avg: 7.4, Max: 39.9, Diff: 37.5, Sum: 59.4]
         [Processed Buffers: Min: 0, Avg: 2.8, Max: 5, Diff: 5, Sum: 22]
      [Scan RS (ms): Min: 0.0, Avg: 0.2, Max: 1.0, Diff: 1.0, Sum: 1.2]
      [Code Root Scanning (ms): Min: 0.0, Avg: 0.0, Max: 0.0, Diff: 0.0, Sum: 0.0]
      [Object Copy (ms): Min: 0.0, Avg: 3.4, Max: 9.4, Diff: 9.4, Sum: 27.4]
      [Termination (ms): Min: 0.7, Avg: 30.3, Max: 37.2, Diff: 36.4, Sum: 242.1]
         [Termination Attempts: Min: 1, Avg: 21.0, Max: 30, Diff: 29, Sum: 168]
      [GC Worker Other (ms): Min: 1.4, Avg: 1.9, Max: 3.2, Diff: 1.8, Sum: 14.9]
      [GC Worker Total (ms): Min: 44.0, Avg: 44.1, Max: 44.1, Diff: 0.2, Sum: 352.5]
      [GC Worker End (ms): Min: 929.4, Avg: 929.4, Max: 929.5, Diff: 0.0]
   [Code Root Fixup: 0.8 ms]
   [Code Root Purge: 0.0 ms]
   [Clear CT: 0.2 ms]
   [Other: 26.3 ms]
      [Choose CSet: 0.0 ms]
      [Ref Proc: 4.2 ms]
      [Ref Enq: 1.2 ms]
      [Redirty Cards: 0.2 ms]
      [Humongous Register: 3.1 ms]
      [Humongous Reclaim: 2.1 ms]
      [Free CSet: 2.7 ms]
   [Eden: 47.0M(47.0M)->0.0B(18.0M) Survivors: 3072.0K->7168.0K Heap: 424.5M(512.0M)->383.6M(512.0M)]
 [Times: user=0.11 sys=0.09, real=0.08 secs] 
2021-01-21T21:30:40.293+0800: 0.997: [GC pause (G1 Evacuation Pause) (mixed), 0.0830190 secs]
   [Parallel Time: 56.1 ms, GC Workers: 8]
      [GC Worker Start (ms): Min: 1004.5, Avg: 1005.5, Max: 1005.9, Diff: 1.4]
      [Ext Root Scanning (ms): Min: 1.0, Avg: 1.7, Max: 3.3, Diff: 2.3, Sum: 13.2]
      [Update RS (ms): Min: 0.0, Avg: 5.9, Max: 44.7, Diff: 44.7, Sum: 47.4]
         [Processed Buffers: Min: 0, Avg: 3.0, Max: 10, Diff: 10, Sum: 24]
      [Scan RS (ms): Min: 0.0, Avg: 0.8, Max: 2.4, Diff: 2.4, Sum: 6.4]
      [Code Root Scanning (ms): Min: 0.0, Avg: 0.0, Max: 0.0, Diff: 0.0, Sum: 0.0]
      [Object Copy (ms): Min: 0.1, Avg: 6.9, Max: 11.5, Diff: 11.4, Sum: 54.9]
      [Termination (ms): Min: 3.9, Avg: 36.8, Max: 43.5, Diff: 39.5, Sum: 294.6]
         [Termination Attempts: Min: 1, Avg: 21.4, Max: 33, Diff: 32, Sum: 171]
      [GC Worker Other (ms): Min: 1.9, Avg: 2.0, Max: 2.2, Diff: 0.4, Sum: 15.9]
      [GC Worker Total (ms): Min: 53.6, Avg: 54.0, Max: 55.1, Diff: 1.5, Sum: 432.4]
      [GC Worker End (ms): Min: 1059.5, Avg: 1059.6, Max: 1059.6, Diff: 0.1]
   [Code Root Fixup: 2.8 ms]
   [Code Root Purge: 0.0 ms]
   [Clear CT: 2.5 ms]
   [Other: 21.7 ms]
      [Choose CSet: 1.8 ms]
      [Ref Proc: 2.4 ms]
      [Ref Enq: 0.0 ms]
      [Redirty Cards: 0.2 ms]
      [Humongous Register: 2.4 ms]
      [Humongous Reclaim: 4.2 ms]
      [Free CSet: 3.1 ms]
   [Eden: 18.0M(18.0M)->0.0B(21.0M) Survivors: 7168.0K->4096.0K Heap: 408.0M(512.0M)->343.6M(512.0M)]
 [Times: user=0.22 sys=0.17, real=0.09 secs] 
Heap
 garbage-first heap   total 524288K, used 375856K [0x00000000e0000000, 0x00000000e0101000, 0x0000000100000000)
  region size 1024K, 24 young (24576K), 4 survivors (4096K)
 Metaspace       used 2651K, capacity 4486K, committed 4864K, reserved 1056768K
  class space    used 297K, capacity 386K, committed 512K, reserved 1048576K
