Java HotSpot(TM) 64-Bit Server VM (25.101-b13) for windows-amd64 JRE (1.8.0_101-b13), built on Jun 22 2016 01:21:29 by "java_re" with MS VC++ 10.0 (VS2010)
Memory: 4k page, physical 8281064k(1568212k free), swap 17740704k(3164576k free)
CommandLine flags: -XX:InitialHeapSize=536870912 -XX:MaxHeapSize=536870912 -XX:+PrintGC -XX:+PrintGCDateStamps -XX:+PrintGCDetails -XX:+PrintGCTimeStamps -XX:+UseCompressedClassPointers -XX:+UseCompressedOops -XX:-UseLargePagesIndividualAllocation -XX:+UseSerialGC 
2021-01-20T00:58:17.097+0800: 0.179: [GC (Allocation Failure) 2021-01-20T00:58:17.099+0800: 0.181: [DefNew: 139776K->17472K(157248K), 0.0224413 secs] 139776K->47001K(506816K), 0.0241142 secs] [Times: user=0.00 sys=0.03, real=0.03 secs] 
2021-01-20T00:58:17.147+0800: 0.229: [GC (Allocation Failure) 2021-01-20T00:58:17.147+0800: 0.229: [DefNew: 157248K->17468K(157248K), 0.0348605 secs] 186777K->100379K(506816K), 0.0349281 secs] [Times: user=0.02 sys=0.03, real=0.03 secs] 
2021-01-20T00:58:17.199+0800: 0.281: [GC (Allocation Failure) 2021-01-20T00:58:17.199+0800: 0.281: [DefNew: 157244K->17471K(157248K), 0.0225227 secs] 240155K->143292K(506816K), 0.0225964 secs] [Times: user=0.00 sys=0.01, real=0.02 secs] 
2021-01-20T00:58:17.239+0800: 0.321: [GC (Allocation Failure) 2021-01-20T00:58:17.239+0800: 0.321: [DefNew: 157247K->17469K(157248K), 0.0209301 secs] 283068K->183328K(506816K), 0.0209986 secs] [Times: user=0.02 sys=0.02, real=0.02 secs] 
2021-01-20T00:58:17.278+0800: 0.359: [GC (Allocation Failure) 2021-01-20T00:58:17.278+0800: 0.359: [DefNew: 157245K->17470K(157248K), 0.0234744 secs] 323104K->227871K(506816K), 0.0235392 secs] [Times: user=0.02 sys=0.00, real=0.02 secs] 
2021-01-20T00:58:17.317+0800: 0.399: [GC (Allocation Failure) 2021-01-20T00:58:17.317+0800: 0.399: [DefNew: 157246K->17471K(157248K), 0.0218288 secs] 367647K->269887K(506816K), 0.0218965 secs] [Times: user=0.03 sys=0.00, real=0.02 secs] 
2021-01-20T00:58:17.356+0800: 0.438: [GC (Allocation Failure) 2021-01-20T00:58:17.356+0800: 0.438: [DefNew: 157247K->17472K(157248K), 0.0226209 secs] 409663K->313846K(506816K), 0.0226831 secs] [Times: user=0.02 sys=0.00, real=0.02 secs] 
2021-01-20T00:58:17.396+0800: 0.478: [GC (Allocation Failure) 2021-01-20T00:58:17.396+0800: 0.478: [DefNew: 157248K->17471K(157248K), 0.0258930 secs] 453622K->360964K(506816K), 0.0259568 secs] [Times: user=0.01 sys=0.02, real=0.03 secs] 
2021-01-20T00:58:17.443+0800: 0.525: [GC (Allocation Failure) 2021-01-20T00:58:17.443+0800: 0.525: [DefNew: 157247K->157247K(157248K), 0.0000184 secs]2021-01-20T00:58:17.443+0800: 0.525: [Tenured: 343492K->284225K(349568K), 0.0485427 secs] 500740K->284225K(506816K), [Metaspace: 2644K->2644K(1056768K)], 0.0489445 secs] [Times: user=0.03 sys=0.00, real=0.05 secs] 
2021-01-20T00:58:17.514+0800: 0.595: [GC (Allocation Failure) 2021-01-20T00:58:17.514+0800: 0.595: [DefNew: 139679K->17471K(157248K), 0.0086156 secs] 423904K->336552K(506816K), 0.0086825 secs] [Times: user=0.00 sys=0.00, real=0.01 secs] 
2021-01-20T00:58:17.543+0800: 0.625: [GC (Allocation Failure) 2021-01-20T00:58:17.543+0800: 0.625: [DefNew: 157247K->157247K(157248K), 0.0000177 secs]2021-01-20T00:58:17.543+0800: 0.625: [Tenured: 319080K->317811K(349568K), 0.0453487 secs] 476328K->317811K(506816K), [Metaspace: 2644K->2644K(1056768K)], 0.0454544 secs] [Times: user=0.05 sys=0.00, real=0.05 secs] 
2021-01-20T00:58:17.608+0800: 0.690: [GC (Allocation Failure) 2021-01-20T00:58:17.608+0800: 0.690: [DefNew: 139776K->139776K(157248K), 0.0000196 secs]2021-01-20T00:58:17.608+0800: 0.690: [Tenured: 317811K->332995K(349568K), 0.0475276 secs] 457587K->332995K(506816K), [Metaspace: 2644K->2644K(1056768K)], 0.0476273 secs] [Times: user=0.05 sys=0.00, real=0.05 secs] 
2021-01-20T00:58:17.674+0800: 0.756: [GC (Allocation Failure) 2021-01-20T00:58:17.675+0800: 0.756: [DefNew: 139776K->139776K(157248K), 0.0000202 secs]2021-01-20T00:58:17.675+0800: 0.756: [Tenured: 332995K->323666K(349568K), 0.0485540 secs] 472771K->323666K(506816K), [Metaspace: 2644K->2644K(1056768K)], 0.0486695 secs] [Times: user=0.05 sys=0.00, real=0.05 secs] 
2021-01-20T00:58:17.742+0800: 0.824: [GC (Allocation Failure) 2021-01-20T00:58:17.742+0800: 0.824: [DefNew: 139309K->139309K(157248K), 0.0000192 secs]2021-01-20T00:58:17.742+0800: 0.824: [Tenured: 323666K->344900K(349568K), 0.0314299 secs] 462975K->344900K(506816K), [Metaspace: 2644K->2644K(1056768K)], 0.0315241 secs] [Times: user=0.03 sys=0.02, real=0.03 secs] 
2021-01-20T00:58:17.795+0800: 0.876: [GC (Allocation Failure) 2021-01-20T00:58:17.795+0800: 0.876: [DefNew: 139495K->139495K(157248K), 0.0000180 secs]2021-01-20T00:58:17.795+0800: 0.876: [Tenured: 344900K->349525K(349568K), 0.0432029 secs] 484395K->349802K(506816K), [Metaspace: 2644K->2644K(1056768K)], 0.0432982 secs] [Times: user=0.03 sys=0.02, real=0.04 secs] 
2021-01-20T00:58:17.857+0800: 0.939: [Full GC (Allocation Failure) 2021-01-20T00:58:17.857+0800: 0.939: [Tenured: 349525K->349279K(349568K), 0.0423556 secs] 506694K->352104K(506816K), [Metaspace: 2644K->2644K(1056768K)], 0.0424234 secs] [Times: user=0.05 sys=0.00, real=0.04 secs] 
2021-01-20T00:58:17.918+0800: 0.999: [Full GC (Allocation Failure) 2021-01-20T00:58:17.918+0800: 0.999: [Tenured: 349279K->337756K(349568K), 0.0609145 secs] 506036K->337756K(506816K), [Metaspace: 2644K->2644K(1056768K)], 0.0609944 secs] [Times: user=0.06 sys=0.00, real=0.06 secs] 
2021-01-20T00:58:18.000+0800: 1.081: [GC (Allocation Failure) 2021-01-20T00:58:18.000+0800: 1.081: [DefNew: 139776K->139776K(157248K), 0.0000184 secs]2021-01-20T00:58:18.000+0800: 1.081: [Tenured: 337756K->349246K(349568K), 0.0288649 secs] 477532K->356643K(506816K), [Metaspace: 2644K->2644K(1056768K)], 0.0289927 secs] [Times: user=0.03 sys=0.00, real=0.03 secs] 
Heap
 def new generation   total 157248K, used 13117K [0x00000000e0000000, 0x00000000eaaa0000, 0x00000000eaaa0000)
  eden space 139776K,   9% used [0x00000000e0000000, 0x00000000e0ccf700, 0x00000000e8880000)
  from space 17472K,   0% used [0x00000000e9990000, 0x00000000e9990000, 0x00000000eaaa0000)
  to   space 17472K,   0% used [0x00000000e8880000, 0x00000000e8880000, 0x00000000e9990000)
 tenured generation   total 349568K, used 349246K [0x00000000eaaa0000, 0x0000000100000000, 0x0000000100000000)
   the space 349568K,  99% used [0x00000000eaaa0000, 0x00000000fffaf910, 0x00000000fffafa00, 0x0000000100000000)
 Metaspace       used 2651K, capacity 4486K, committed 4864K, reserved 1056768K
  class space    used 297K, capacity 386K, committed 512K, reserved 1048576K
